
> @medhub/techsales-api@0.1.0 start
> node dist/index.js

[11:53:31.503] [32mINFO[39m: [36mMongo connected, mode=mongo[39m
    appDb: "medhub_app"
    lookupDb: "medhub_lookup"
[11:53:31.506] [34mDEBUG[39m: [36mBootstrap: skipped existing files[39m
    skipped: [
      "runtime/departments.json",
      "runtime/enrollments.json",
      "runtime/leads.json",
      "runtime/memberAppointments.json",
      "runtime/members.json",
      "runtime/roles.json",
      "runtime/targets.json",
      "runtime/users.json",
      "lookup/benefitData.json",
      "lookup/drugData.json",
      "lookup/pharmacyData.json",
      "lookup/planInformation.json",
      "lookup/premiumInformation.json",
      "lookup/providerData.json",
      "lookup/starRatings.json",
      "lookup/zipStateCounty.json"
    ]
[11:53:31.506] [32mINFO[39m: [36mRepository registry initialized[39m
    mode: "mongo"
[11:53:31.510] [32mINFO[39m: [36mServer listening on http://localhost:4000 (mode=mongo)[39m
    port: 4000
    mode: "mongo"
    nodeEnv: "development"
